// Jest Snapshot v1, https://goo.gl/fbAQLP

exports[`pruebas en <Sidebar /> debe de mostrarse correctamente 1`] = `
<aside
  className="journal__sidebar"
>
  <div
    className="jorunal__sidebar-navbar"
  >
    <h3
      className="mt-5"
    >
      <i
        className="fa fa-moon"
      />
      <span>
         
        Jorge
      </span>
    </h3>
    <button
      className="btn"
      onClick={[Function]}
    >
      Logout
    </button>
  </div>
  <div
    className="journal__new-entry"
    onClick={[Function]}
  >
    <i
      className="fa fa-calendar-plus fa-5x"
    />
    <p
      className="mt-5"
    >
      New entry
    </p>
  </div>
  <div
    className="journal__entries"
  />
</aside>
`;
